Script started on Fri Apr 10 23:09:54 2015
sh-4.3$ [Ksh-4.3$ pwd
/home/15/ajsnyde/cs4080hr/lab3dir
sh-4.3$ ls
a.out          concert.dat    concertA.log   concertB1.log
concerB2.log   concertA.cpp   concertB.cpp   prTime.c
sh-4.3$ g++ concerB.cpp
g++: concerB.cpp: No such file or directory
g++: no input files
sh-4.3$ g++ concerB.cppr[1@t
sh-4.3$ a.out

Fri Apr 10 23:10:45 2015> Welcome to the Concert Hall
 Menu Choices are: 
         Reserve (enter R)
         Display (enter D)
         Clear   (enter C)
         Quit    (enter Q)
 ++++++++++++++++++++++++++++++ 
Enter a choice: D

OOOOOOOO
OOOOOOOO
OOOOOOOO
OOOOOOOO
OOOOOOOO

Fri Apr 10 23:11:06 2015> Welcome to the Concert Hall
 Menu Choices are: 
         Reserve (enter R)
         Display (enter D)
         Clear   (enter C)
         Quit    (enter Q)
 ++++++++++++++++++++++++++++++ 
Enter a choice: R
Please enter row  #:2
Please enter seat RANGE in '#-#' format group: 1-3
LOCKED!
Read byte: 8
Row: 2 Seat: 1 Was Successfully Reserved at Time: Fri Apr 10 23:11:18 2015

UNLOCKED!
LOCKED!
Read byte: 9
Row: 2 Seat: 2 Was Successfully Reserved at Time: Fri Apr 10 23:11:18 2015

UNLOCKED!
LOCKED!
Read byte: 10
Row: 2 Seat: 3 Was Successfully Reserved at Time: Fri Apr 10 23:11:18 2015

UNLOCKED!

Fri Apr 10 23:11:18 2015> Welcome to the Concert Hall
 Menu Choices are: 
         Reserve (enter R)
         Display (enter D)
         Clear   (enter C)
         Quit    (enter Q)
 ++++++++++++++++++++++++++++++ 
Enter a choice: D

OOOOOOOO
XXXOOOOO
OOOOOOOO
OOOOOOOO
OOOOOOOO

Fri Apr 10 23:11:22 2015> Welcome to the Concert Hall
 Menu Choices are: 
         Reserve (enter R)
         Display (enter D)
         Clear   (enter C)
         Quit    (enter Q)
 ++++++++++++++++++++++++++++++ 
Enter a choice: D

OOOOOOOO
XXXXXXOO
OOOOOOOO
OOOOOOOO
OOOOOOOO

Fri Apr 10 23:11:47 2015> Welcome to the Concert Hall
 Menu Choices are: 
         Reserve (enter R)
         Display (enter D)
         Clear   (enter C)
         Quit    (enter Q)
 ++++++++++++++++++++++++++++++ 
Enter a choice: R
Please enter row  #:3
Please enter seat RANGE in '#-#' format group: 1-8
LOCKED!
Read byte: 16
Sorry, Row: 3 Seat: 1 was already reserved.Fri Apr 10 23:12:37 2015

UNLOCKED!
LOCKED!
Read byte: 17
Sorry, Row: 3 Seat: 2 was already reserved.Fri Apr 10 23:12:37 2015

UNLOCKED!
LOCKED!
Read byte: 18
Sorry, Row: 3 Seat: 3 was already reserved.Fri Apr 10 23:12:37 2015

UNLOCKED!
LOCKED!
Read byte: 19
Sorry, Row: 3 Seat: 4 was already reserved.Fri Apr 10 23:12:37 2015

UNLOCKED!
LOCKED!
Read byte: 20
Sorry, Row: 3 Seat: 5 was already reserved.Fri Apr 10 23:12:37 2015

UNLOCKED!
LOCKED!
Read byte: 21
Sorry, Row: 3 Seat: 6 was already reserved.Fri Apr 10 23:12:37 2015

UNLOCKED!
LOCKED!
Read byte: 22
Sorry, Row: 3 Seat: 7 was already reserved.Fri Apr 10 23:12:37 2015

UNLOCKED!
LOCKED!
Read byte: 23
Sorry, Row: 3 Seat: 8 was already reserved.Fri Apr 10 23:12:37 2015

UNLOCKED!

Fri Apr 10 23:12:37 2015> Welcome to the Concert Hall
 Menu Choices are: 
         Reserve (enter R)
         Display (enter D)
         Clear   (enter C)
         Quit    (enter Q)
 ++++++++++++++++++++++++++++++ 
Enter a choice: Q D

OOOOOOOO
XXXXXXOO
XXXXXXXX
OOOOOOOO
OOOOOOOO

Fri Apr 10 23:12:57 2015> Welcome to the Concert Hall
 Menu Choices are: 
         Reserve (enter R)
         Display (enter D)
         Clear   (enter C)
         Quit    (enter Q)
 ++++++++++++++++++++++++++++++ 
Enter a choice: R
Please enter row  #:4
Please enter seat RANGE in '#-#' format group: 1-8
LOCKED!
Read byte: 24
Row: 4 Seat: 1 Was Successfully Reserved at Time: Fri Apr 10 23:13:18 2015

UNLOCKED!
LOCKED!
Read byte: 25
Row: 4 Seat: 2 Was Successfully Reserved at Time: Fri Apr 10 23:13:18 2015

UNLOCKED!
LOCKED!
Read byte: 26
Row: 4 Seat: 3 Was Successfully Reserved at Time: Fri Apr 10 23:13:18 2015

UNLOCKED!
LOCKED!
Read byte: 27
Row: 4 Seat: 4 Was Successfully Reserved at Time: Fri Apr 10 23:13:18 2015

UNLOCKED!
LOCKED!
Read byte: 28
Row: 4 Seat: 5 Was Successfully Reserved at Time: Fri Apr 10 23:13:18 2015

UNLOCKED!
LOCKED!
Read byte: 29
Row: 4 Seat: 6 Was Successfully Reserved at Time: Fri Apr 10 23:13:18 2015

UNLOCKED!
LOCKED!
Read byte: 30
Row: 4 Seat: 7 Was Successfully Reserved at Time: Fri Apr 10 23:13:18 2015

UNLOCKED!
LOCKED!
Read byte: 31
Row: 4 Seat: 8 Was Successfully Reserved at Time: Fri Apr 10 23:13:18 2015

UNLOCKED!

Fri Apr 10 23:13:18 2015> Welcome to the Concert Hall
 Menu Choices are: 
         Reserve (enter R)
         Display (enter D)
         Clear   (enter C)
         Quit    (enter Q)
 ++++++++++++++++++++++++++++++ 
Enter a choice: 
Q
sh-4.3$ exit

script done on Fri Apr 10 23:13:33 2015
