Script started on Mon Sep 09 14:52:43 2013
sh-3.00$ now
sh: now: command not found
sh-3.00$   1 miun  nute nlater[1Plater
sh: 1: command not found
sh-3.00$ no difference?
sh: no: command not found
sh-3.00$ photo
Enter name of log file:  2
Use CTRL-d to terminate recording
Script started, file is 2
sh-3.00$ exit
Script done, file is 2
sh-3.00$ phoy to
Enter name of log file:  M myInfo.Photo     photop 
Use CTRL-d to terminate recording
Script started, file is myInfo.photo
sh-3.00$ ls
2              cs2010rh       hwkPhoto.txt
PHOTOTEST.txt  def            myInfo.photo
sh-3.00$ pwd
/home/15/ajsnyde
sh-3.00$ display       cat myinfo.ts xt
cat: cannot open myinfo.txt
sh-3.00$ cat myi Info.txt
cat: cannot open myInfo.txt
sh-3.00$ cat myInfo.photo
sh-3.00$ cat [Ksh-3.00$ cat 
^F  ^Dsh-3.00$ exit
Script done, file is myInfo.photo
sh-3.00$ photo
Enter name of log file:  myInfoi 2.photo
Use CTRL-d to terminate recording
Script started, file is myInfo2.photo
sh-3.00$ 
sh-3.00$ exit
Script done, file is myInfo2.photo
sh-3.00$ rm myInfo.photo
rm: remove myInfo.photo (yes/no)? yes
sh-3.00$ pico myInfo.txt
Character set "646" is unsupported, using US-ASCII
[1;1H[J[7m  UW PICO 5.00                                                                                          New Buffer                                                                                             [m[60;1H[K[61;1H[K[60;1H[7m^[m[7mG[m Get Help                       [7m^[m[7mO[m WriteOut                       [7m^[m[7mR[m Read File                      [7m^[m[7mY[m Prev Pg                        [7m^[m[7mK[m Cut Text                       [7m^[m[7mC[m Cur Pos                        [K[61;1H[7m^[m[7mX[m Exit                           [7m^[m[7mJ[m Justify                        [7m^[m[7mW[m Where is                       [7m^[m[7mV[m Next Pg                        [7m^[m[7mU[m UnCut Text                     [7m^[m[7mT[m To Spell                       [K[3;1H[59;1H                                                                                                                                                                                                               [59;98H[7m[ New file ][m[1;102H[7mFile: myInfo.txt[m[3;1H[1;98H[7mFile: myInfo.txt                                                                                    Modified[m[3;1HAddison[3;9HSnyder[4;1H6218[4;6Hst.[4;10Hr[59;1H                                                                                                                                                                                                               [4;11Ht.[4;14H113[5;1HBellevue,[5;11HOH[6;1H44811[7;1H[6;6H[60;1H                                  [7mY[m Yes                                                                                                                                                                     [K[61;2H[7mC[m Cancel                         [7mN[m No                                                                                                                                                                      [K[59;1H                                                                                                                                                                                                               [59;1H[7mSave modified buffer (ANSWERING "No" WILL DESTROY CHANGES) ?                                                                                                                                                   [59;62H[m[7mYes[m[59;1H                                                                                                                                                                                                               [59;1H[7mFile Name to write :                                                                                                                                                                                           [59;22H[m[60;1H[7m^[m[7mG[m Get Help                       [7m^[m[7mT[m  To Files                                                                                                                                                              [K[61;35H[7mT[m[7mA[m[7mB[m Complete                                                                                                                                                              [K[7m[59;22HmyInfo.txt                                                                                                                                                                                [59;32H[m[59;1H                                                                                                                                                                                                               [59;97H[7m[ Writing... ][m[59;1H                                                                                                                                                                                                               [59;96H[7m[ Wrote 4 lines ][m[60;1H[K[61;1H[Ksh-3.00$ clear r
[H[2Jsh-3.00$ photo
Enter name of log file:  My  myInfo.photpo  o
Use CTRL-d to terminate recording
Script started, file is myInfo.photo
sh-3.00$ pwsd  d
/home/15/ajsnyde
sh-3.00$ ls
2              PHOTOTEST.txt  cs2010rh       def            hwkPhoto.txt   myInfo.photo   myInfo.txt     myInfo2.photo
sh-3.00$ cat myInfo.txt
Addison Snyder
6218 st. rt. 113
Bellevue, OH
44811
sh-3.00$ exit
Script done, file is myInfo.photo
sh-3.00$ 
sh-3.00$ 
sh-3.00$ ls
2              PHOTOTEST.txt  cs2010rh       def            hwkPhoto.txt   myInfo.photo   myInfo.txt     myInfo2.photo
sh-3.00$ pwd
/home/15/ajsnyde
sh-3.00$ [Ksh-3.00$ [Ksh-3.00$ mv myInfo.photo ~/cs2011 90  0  rh  
sh-3.00$ cd cs2010rh
sh-3.00$ ls
abc           hwkPhoto.txt  lib           myInfo.photo  testing.txt
sh-3.00$ xit
sh: xit: command not found
sh-3.00$ exit
exit

script done on Mon Sep 09 15:05:34 2013
